{
  "targets": {
    "dev": {
      "from": "required",
      "shell": [
        "/bin/sh"
      ],
      "stopSignal": "stop",
      "cacheVolumes": [
        "foo"
      ],
      "entrypoint": [
        "echo",
        "one two",
        "three"
      ],
      "workdir": "wd",
      "run": [
        {
          "command": "echo"
        }
      ]
    }
  }
}