{
  "targets": {
    "all": {
      "from": "scratch",
      "workdir": "/src",
      "run": [
        {
          "command": "hi",
          "mount": [
            {
              "cache": {
                "target": "/foo"
              }
            }
          ]
        },
        {
          "command": "hi",
          "mount": [
            {
              "cache": {
                "target": "/foo"
              }
            }
          ]
        },
        {
          "command": "hi",
          "mount": [
            {
              "cache": {
                "target": "/foo"
              }
            }
          ]
        }
      ]
    }
  }
}